[0.105s] DEBUG:colcon:Command line arguments: ['/usr/bin/colcon', 'build', '--packages-select', 'science_msgs']
[0.105s] DEBUG:colcon:Parsed command line arguments: Namespace(log_base=None, log_level=None, verb_name='build', build_base='build', install_base='install', merge_install=False, symlink_install=False, test_result_base=None, continue_on_error=False, executor='parallel', parallel_workers=16, event_handlers=None, ignore_user_meta=False, metas=['./colcon.meta'], base_paths=['.'], packages_ignore=None, packages_ignore_regex=None, paths=None, packages_up_to=None, packages_up_to_regex=None, packages_above=None, packages_above_and_dependencies=None, packages_above_depth=None, packages_select_by_dep=None, packages_skip_by_dep=None, packages_skip_up_to=None, packages_select_build_failed=False, packages_skip_build_finished=False, packages_select_test_failures=False, packages_skip_test_passed=False, packages_select=['science_msgs'], packages_skip=None, packages_select_regex=None, packages_skip_regex=None, packages_start=None, packages_end=None, cmake_args=None, cmake_target=None, cmake_target_skip_unavailable=False, cmake_clean_cache=False, cmake_clean_first=False, cmake_force_configure=False, ament_cmake_args=None, catkin_cmake_args=None, catkin_skip_building_tests=False, verb_parser=<colcon_defaults.argument_parser.defaults.DefaultArgumentsDecorator object at 0x77fc7b224830>, verb_extension=<colcon_core.verb.build.BuildVerb object at 0x77fc7b224530>, main=<bound method BuildVerb.main of <colcon_core.verb.build.BuildVerb object at 0x77fc7b224530>>)
[0.145s] Level 1:colcon.colcon_core.package_discovery:discover_packages(colcon_meta) check parameters
[0.145s] Level 1:colcon.colcon_core.package_discovery:discover_packages(recursive) check parameters
[0.145s] Level 1:colcon.colcon_core.package_discovery:discover_packages(ignore) check parameters
[0.145s] Level 1:colcon.colcon_core.package_discovery:discover_packages(path) check parameters
[0.145s] Level 1:colcon.colcon_core.package_discovery:discover_packages(colcon_meta) discover
[0.145s] Level 1:colcon.colcon_core.package_discovery:discover_packages(recursive) discover
[0.145s] INFO:colcon.colcon_core.package_discovery:Crawling recursively for packages in '/home/ryanjeronimus/github/pico_comms'
[0.146s] Level 1:colcon.colcon_core.package_identification:_identify(.) by extensions ['ignore', 'ignore_ament_install']
[0.146s] Level 1:colcon.colcon_core.package_identification:_identify(.) by extension 'ignore'
[0.146s] Level 1:colcon.colcon_core.package_identification:_identify(.) by extension 'ignore_ament_install'
[0.146s] Level 1:colcon.colcon_core.package_identification:_identify(.) by extensions ['colcon_pkg']
[0.146s] Level 1:colcon.colcon_core.package_identification:_identify(.) by extension 'colcon_pkg'
[0.146s] Level 1:colcon.colcon_core.package_identification:_identify(.) by extensions ['colcon_meta']
[0.146s] Level 1:colcon.colcon_core.package_identification:_identify(.) by extension 'colcon_meta'
[0.146s] Level 1:colcon.colcon_core.package_identification:_identify(.) by extensions ['ros']
[0.146s] Level 1:colcon.colcon_core.package_identification:_identify(.) by extension 'ros'
[0.173s] DEBUG:colcon.colcon_core.package_identification:Package '.' with type 'ros.catkin' and name 'micro_ros_raspberrypicosdk'
[0.173s] Level 1:colcon.colcon_core.package_discovery:discover_packages(recursive) using defaults
[0.173s] Level 1:colcon.colcon_core.package_discovery:discover_packages(ignore) discover
[0.173s] Level 1:colcon.colcon_core.package_discovery:discover_packages(ignore) using defaults
[0.173s] Level 1:colcon.colcon_core.package_discovery:discover_packages(path) discover
[0.173s] Level 1:colcon.colcon_core.package_discovery:discover_packages(path) using defaults
[0.174s] WARNING:colcon.colcon_core.package_selection:ignoring unknown package 'science_msgs' in --packages-select
[0.192s] INFO:colcon.colcon_core.package_selection:Skipping not selected package 'micro_ros_raspberrypicosdk' in '.'
[0.192s] INFO:colcon.colcon_core.executor:Executing jobs using 'parallel' executor
[0.193s] DEBUG:colcon.colcon_parallel_executor.executor.parallel:run_until_complete
[0.194s] DEBUG:colcon.colcon_parallel_executor.executor.parallel:closing loop
[0.194s] DEBUG:colcon.colcon_parallel_executor.executor.parallel:loop closed
[0.194s] DEBUG:colcon.colcon_parallel_executor.executor.parallel:run_until_complete finished with '0'
[0.194s] DEBUG:colcon.colcon_core.event_reactor:joining thread
[0.201s] INFO:colcon.colcon_core.plugin_system:Skipping extension 'colcon_notification.desktop_notification.terminal_notifier': Not used on non-Darwin systems
[0.201s] INFO:colcon.colcon_core.plugin_system:Skipping extension 'colcon_notification.desktop_notification.win32': Not used on non-Windows systems
[0.201s] INFO:colcon.colcon_notification.desktop_notification:Sending desktop notification using 'notify2'
[0.217s] DEBUG:colcon.colcon_core.event_reactor:joined thread
[0.219s] INFO:colcon.colcon_core.plugin_system:Skipping extension 'colcon_core.shell.bat': Not used on non-Windows systems
[0.219s] INFO:colcon.colcon_core.shell:Creating prefix script '/home/ryanjeronimus/github/pico_comms/install/local_setup.sh'
[0.220s] INFO:colcon.colcon_core.shell:Creating prefix util module '/home/ryanjeronimus/github/pico_comms/install/_local_setup_util_sh.py'
[0.222s] INFO:colcon.colcon_core.shell:Creating prefix chain script '/home/ryanjeronimus/github/pico_comms/install/setup.sh'
[0.224s] INFO:colcon.colcon_core.shell:Creating prefix script '/home/ryanjeronimus/github/pico_comms/install/local_setup.bash'
[0.224s] INFO:colcon.colcon_core.shell:Creating prefix chain script '/home/ryanjeronimus/github/pico_comms/install/setup.bash'
[0.225s] INFO:colcon.colcon_core.shell:Creating prefix script '/home/ryanjeronimus/github/pico_comms/install/local_setup.zsh'
[0.225s] INFO:colcon.colcon_core.shell:Creating prefix chain script '/home/ryanjeronimus/github/pico_comms/install/setup.zsh'
