[0.126s] DEBUG:colcon:Command line arguments: ['/usr/bin/colcon', 'build']
[0.126s] DEBUG:colcon:Parsed command line arguments: Namespace(log_base=None, log_level=None, verb_name='build', build_base='build', install_base='install', merge_install=False, symlink_install=False, test_result_base=None, continue_on_error=False, executor='parallel', parallel_workers=16, event_handlers=None, ignore_user_meta=False, metas=['./colcon.meta'], base_paths=['.'], packages_ignore=None, packages_ignore_regex=None, paths=None, packages_up_to=None, packages_up_to_regex=None, packages_above=None, packages_above_and_dependencies=None, packages_above_depth=None, packages_select_by_dep=None, packages_skip_by_dep=None, packages_skip_up_to=None, packages_select_build_failed=False, packages_skip_build_finished=False, packages_select_test_failures=False, packages_skip_test_passed=False, packages_select=None, packages_skip=None, packages_select_regex=None, packages_skip_regex=None, packages_start=None, packages_end=None, cmake_args=None, cmake_target=None, cmake_target_skip_unavailable=False, cmake_clean_cache=False, cmake_clean_first=False, cmake_force_configure=False, ament_cmake_args=None, catkin_cmake_args=None, catkin_skip_building_tests=False, verb_parser=<colcon_defaults.argument_parser.defaults.DefaultArgumentsDecorator object at 0x7c9b28424740>, verb_extension=<colcon_core.verb.build.BuildVerb object at 0x7c9b28424590>, main=<bound method BuildVerb.main of <colcon_core.verb.build.BuildVerb object at 0x7c9b28424590>>)
[0.178s] Level 1:colcon.colcon_core.package_discovery:discover_packages(colcon_meta) check parameters
[0.178s] Level 1:colcon.colcon_core.package_discovery:discover_packages(recursive) check parameters
[0.178s] Level 1:colcon.colcon_core.package_discovery:discover_packages(ignore) check parameters
[0.178s] Level 1:colcon.colcon_core.package_discovery:discover_packages(path) check parameters
[0.178s] Level 1:colcon.colcon_core.package_discovery:discover_packages(colcon_meta) discover
[0.178s] Level 1:colcon.colcon_core.package_discovery:discover_packages(recursive) discover
[0.178s] INFO:colcon.colcon_core.package_discovery:Crawling recursively for packages in '/home/ryanjeronimus/github/pico_comms'
[0.178s] Level 1:colcon.colcon_core.package_identification:_identify(.) by extensions ['ignore', 'ignore_ament_install']
[0.178s] Level 1:colcon.colcon_core.package_identification:_identify(.) by extension 'ignore'
[0.178s] Level 1:colcon.colcon_core.package_identification:_identify(.) by extension 'ignore_ament_install'
[0.178s] Level 1:colcon.colcon_core.package_identification:_identify(.) by extensions ['colcon_pkg']
[0.179s] Level 1:colcon.colcon_core.package_identification:_identify(.) by extension 'colcon_pkg'
[0.179s] Level 1:colcon.colcon_core.package_identification:_identify(.) by extensions ['colcon_meta']
[0.179s] Level 1:colcon.colcon_core.package_identification:_identify(.) by extension 'colcon_meta'
[0.179s] Level 1:colcon.colcon_core.package_identification:_identify(.) by extensions ['ros']
[0.179s] Level 1:colcon.colcon_core.package_identification:_identify(.) by extension 'ros'
[0.207s] DEBUG:colcon.colcon_core.package_identification:Package '.' with type 'ros.catkin' and name 'micro_ros_raspberrypicosdk'
[0.207s] Level 1:colcon.colcon_core.package_discovery:discover_packages(recursive) using defaults
[0.207s] Level 1:colcon.colcon_core.package_discovery:discover_packages(ignore) discover
[0.207s] Level 1:colcon.colcon_core.package_discovery:discover_packages(ignore) using defaults
[0.207s] Level 1:colcon.colcon_core.package_discovery:discover_packages(path) discover
[0.207s] Level 1:colcon.colcon_core.package_discovery:discover_packages(path) using defaults
[0.231s] Level 5:colcon.colcon_core.verb:set package 'micro_ros_raspberrypicosdk' build argument 'cmake_args' from command line to 'None'
[0.231s] Level 5:colcon.colcon_core.verb:set package 'micro_ros_raspberrypicosdk' build argument 'cmake_target' from command line to 'None'
[0.231s] Level 5:colcon.colcon_core.verb:set package 'micro_ros_raspberrypicosdk' build argument 'cmake_target_skip_unavailable' from command line to 'False'
[0.231s] Level 5:colcon.colcon_core.verb:set package 'micro_ros_raspberrypicosdk' build argument 'cmake_clean_cache' from command line to 'False'
[0.231s] Level 5:colcon.colcon_core.verb:set package 'micro_ros_raspberrypicosdk' build argument 'cmake_clean_first' from command line to 'False'
[0.231s] Level 5:colcon.colcon_core.verb:set package 'micro_ros_raspberrypicosdk' build argument 'cmake_force_configure' from command line to 'False'
[0.231s] Level 5:colcon.colcon_core.verb:set package 'micro_ros_raspberrypicosdk' build argument 'ament_cmake_args' from command line to 'None'
[0.231s] Level 5:colcon.colcon_core.verb:set package 'micro_ros_raspberrypicosdk' build argument 'catkin_cmake_args' from command line to 'None'
[0.231s] Level 5:colcon.colcon_core.verb:set package 'micro_ros_raspberrypicosdk' build argument 'catkin_skip_building_tests' from command line to 'False'
[0.231s] DEBUG:colcon.colcon_core.verb:Building package 'micro_ros_raspberrypicosdk' with the following arguments: {'ament_cmake_args': None, 'build_base': '/home/ryanjeronimus/github/pico_comms/build/micro_ros_raspberrypicosdk', 'catkin_cmake_args': None, 'catkin_skip_building_tests': False, 'cmake_args': None, 'cmake_clean_cache': False, 'cmake_clean_first': False, 'cmake_force_configure': False, 'cmake_target': None, 'cmake_target_skip_unavailable': False, 'install_base': '/home/ryanjeronimus/github/pico_comms/install/micro_ros_raspberrypicosdk', 'merge_install': False, 'path': '/home/ryanjeronimus/github/pico_comms', 'symlink_install': False, 'test_result_base': None}
[0.231s] INFO:colcon.colcon_core.executor:Executing jobs using 'parallel' executor
[0.232s] DEBUG:colcon.colcon_parallel_executor.executor.parallel:run_until_complete
[0.232s] INFO:colcon.colcon_ros.task.catkin.build:Building ROS package in '/home/ryanjeronimus/github/pico_comms' with build type 'catkin'
[0.233s] INFO:colcon.colcon_cmake.task.cmake.build:Building CMake package in '/home/ryanjeronimus/github/pico_comms'
[0.236s] INFO:colcon.colcon_core.plugin_system:Skipping extension 'colcon_core.shell.bat': Not used on non-Windows systems
[0.236s] DEBUG:colcon.colcon_core.shell:Skip shell extension 'dsv' for command environment
[0.249s] DEBUG:colcon.colcon_core.event_handler.log_command:Invoking command in '/home/ryanjeronimus/github/pico_comms/build/micro_ros_raspberrypicosdk': DEBUGINFOD_URLS=https://debuginfod.ubuntu.com /home/ryanjeronimus/.pico-sdk/cmake/v3.31.5/bin/cmake /home/ryanjeronimus/github/pico_comms -DCATKIN_INSTALL_INTO_PREFIX_ROOT=0 -DCMAKE_INSTALL_PREFIX=/home/ryanjeronimus/github/pico_comms/install/micro_ros_raspberrypicosdk
[1.079s] DEBUG:colcon.colcon_core.event_handler.log_command:Invoked command in '/home/ryanjeronimus/github/pico_comms/build/micro_ros_raspberrypicosdk' returned '0': DEBUGINFOD_URLS=https://debuginfod.ubuntu.com /home/ryanjeronimus/.pico-sdk/cmake/v3.31.5/bin/cmake /home/ryanjeronimus/github/pico_comms -DCATKIN_INSTALL_INTO_PREFIX_ROOT=0 -DCMAKE_INSTALL_PREFIX=/home/ryanjeronimus/github/pico_comms/install/micro_ros_raspberrypicosdk
[1.080s] DEBUG:colcon.colcon_core.event_handler.log_command:Invoking command in '/home/ryanjeronimus/github/pico_comms/build/micro_ros_raspberrypicosdk': DEBUGINFOD_URLS=https://debuginfod.ubuntu.com /home/ryanjeronimus/.pico-sdk/cmake/v3.31.5/bin/cmake --build /home/ryanjeronimus/github/pico_comms/build/micro_ros_raspberrypicosdk -- -j16 -l16
[5.124s] DEBUG:colcon.colcon_core.event_handler.log_command:Invoked command in '/home/ryanjeronimus/github/pico_comms/build/micro_ros_raspberrypicosdk' returned '0': DEBUGINFOD_URLS=https://debuginfod.ubuntu.com /home/ryanjeronimus/.pico-sdk/cmake/v3.31.5/bin/cmake --build /home/ryanjeronimus/github/pico_comms/build/micro_ros_raspberrypicosdk -- -j16 -l16
[5.129s] DEBUG:colcon.colcon_core.event_handler.log_command:Invoking command in '/home/ryanjeronimus/github/pico_comms/build/micro_ros_raspberrypicosdk': DEBUGINFOD_URLS=https://debuginfod.ubuntu.com /home/ryanjeronimus/.pico-sdk/cmake/v3.31.5/bin/cmake --install /home/ryanjeronimus/github/pico_comms/build/micro_ros_raspberrypicosdk
[5.168s] DEBUG:colcon.colcon_core.event_handler.log_command:Invoked command in '/home/ryanjeronimus/github/pico_comms/build/micro_ros_raspberrypicosdk' returned '0': DEBUGINFOD_URLS=https://debuginfod.ubuntu.com /home/ryanjeronimus/.pico-sdk/cmake/v3.31.5/bin/cmake --install /home/ryanjeronimus/github/pico_comms/build/micro_ros_raspberrypicosdk
[5.169s] Level 1:colcon.colcon_core.shell:create_environment_hook('micro_ros_raspberrypicosdk', 'ros_package_path')
[5.169s] INFO:colcon.colcon_core.shell:Creating environment descriptor '/home/ryanjeronimus/github/pico_comms/install/micro_ros_raspberrypicosdk/share/micro_ros_raspberrypicosdk/hook/ros_package_path.dsv'
[5.169s] INFO:colcon.colcon_core.shell:Creating environment hook '/home/ryanjeronimus/github/pico_comms/install/micro_ros_raspberrypicosdk/share/micro_ros_raspberrypicosdk/hook/ros_package_path.sh'
[5.170s] Level 1:colcon.colcon_core.shell:create_environment_hook('micro_ros_raspberrypicosdk', 'pkg_config_path')
[5.170s] INFO:colcon.colcon_core.shell:Creating environment descriptor '/home/ryanjeronimus/github/pico_comms/install/micro_ros_raspberrypicosdk/share/micro_ros_raspberrypicosdk/hook/pkg_config_path.dsv'
[5.170s] INFO:colcon.colcon_core.shell:Creating environment hook '/home/ryanjeronimus/github/pico_comms/install/micro_ros_raspberrypicosdk/share/micro_ros_raspberrypicosdk/hook/pkg_config_path.sh'
[5.173s] Level 1:colcon.colcon_core.shell:create_environment_hook('micro_ros_raspberrypicosdk', 'pkg_config_path_multiarch')
[5.173s] INFO:colcon.colcon_core.shell:Creating environment descriptor '/home/ryanjeronimus/github/pico_comms/install/micro_ros_raspberrypicosdk/share/micro_ros_raspberrypicosdk/hook/pkg_config_path_multiarch.dsv'
[5.173s] INFO:colcon.colcon_core.shell:Creating environment hook '/home/ryanjeronimus/github/pico_comms/install/micro_ros_raspberrypicosdk/share/micro_ros_raspberrypicosdk/hook/pkg_config_path_multiarch.sh'
[5.174s] Level 1:colcon.colcon_core.environment:create_environment_scripts_only(micro_ros_raspberrypicosdk)
[5.177s] Level 1:colcon.colcon_core.environment:checking '/home/ryanjeronimus/github/pico_comms/install/micro_ros_raspberrypicosdk' for CMake module files
[5.177s] Level 1:colcon.colcon_core.environment:checking '/home/ryanjeronimus/github/pico_comms/install/micro_ros_raspberrypicosdk' for CMake config files
[5.179s] Level 1:colcon.colcon_core.environment:checking '/home/ryanjeronimus/github/pico_comms/install/micro_ros_raspberrypicosdk/lib'
[5.179s] Level 1:colcon.colcon_core.environment:checking '/home/ryanjeronimus/github/pico_comms/install/micro_ros_raspberrypicosdk/bin'
[5.179s] Level 1:colcon.colcon_core.environment:checking '/home/ryanjeronimus/github/pico_comms/install/micro_ros_raspberrypicosdk/lib/pkgconfig/micro_ros_raspberrypicosdk.pc'
[5.181s] Level 1:colcon.colcon_core.environment:checking '/home/ryanjeronimus/github/pico_comms/install/micro_ros_raspberrypicosdk/lib/python3.12/site-packages'
[5.181s] Level 1:colcon.colcon_core.environment:checking '/home/ryanjeronimus/github/pico_comms/install/micro_ros_raspberrypicosdk/bin'
[5.181s] INFO:colcon.colcon_core.shell:Creating package descriptor '/home/ryanjeronimus/github/pico_comms/install/micro_ros_raspberrypicosdk/share/micro_ros_raspberrypicosdk/package.dsv'
[5.182s] INFO:colcon.colcon_core.shell:Creating package script '/home/ryanjeronimus/github/pico_comms/install/micro_ros_raspberrypicosdk/share/micro_ros_raspberrypicosdk/package.sh'
[5.182s] INFO:colcon.colcon_core.shell:Creating package script '/home/ryanjeronimus/github/pico_comms/install/micro_ros_raspberrypicosdk/share/micro_ros_raspberrypicosdk/package.bash'
[5.183s] INFO:colcon.colcon_core.shell:Creating package script '/home/ryanjeronimus/github/pico_comms/install/micro_ros_raspberrypicosdk/share/micro_ros_raspberrypicosdk/package.zsh'
[5.183s] Level 1:colcon.colcon_core.environment:create_file_with_runtime_dependencies(/home/ryanjeronimus/github/pico_comms/install/micro_ros_raspberrypicosdk/share/colcon-core/packages/micro_ros_raspberrypicosdk)
[5.184s] DEBUG:colcon.colcon_parallel_executor.executor.parallel:closing loop
[5.184s] DEBUG:colcon.colcon_parallel_executor.executor.parallel:loop closed
[5.184s] DEBUG:colcon.colcon_parallel_executor.executor.parallel:run_until_complete finished with '0'
[5.184s] DEBUG:colcon.colcon_core.event_reactor:joining thread
[5.190s] INFO:colcon.colcon_core.plugin_system:Skipping extension 'colcon_notification.desktop_notification.terminal_notifier': Not used on non-Darwin systems
[5.190s] INFO:colcon.colcon_core.plugin_system:Skipping extension 'colcon_notification.desktop_notification.win32': Not used on non-Windows systems
[5.190s] INFO:colcon.colcon_notification.desktop_notification:Sending desktop notification using 'notify2'
[5.207s] DEBUG:colcon.colcon_core.event_reactor:joined thread
[5.207s] INFO:colcon.colcon_core.shell:Creating prefix script '/home/ryanjeronimus/github/pico_comms/install/local_setup.sh'
[5.208s] INFO:colcon.colcon_core.shell:Creating prefix util module '/home/ryanjeronimus/github/pico_comms/install/_local_setup_util_sh.py'
[5.209s] INFO:colcon.colcon_core.shell:Creating prefix chain script '/home/ryanjeronimus/github/pico_comms/install/setup.sh'
[5.210s] INFO:colcon.colcon_core.shell:Creating prefix script '/home/ryanjeronimus/github/pico_comms/install/local_setup.bash'
[5.210s] INFO:colcon.colcon_core.shell:Creating prefix chain script '/home/ryanjeronimus/github/pico_comms/install/setup.bash'
[5.211s] INFO:colcon.colcon_core.shell:Creating prefix script '/home/ryanjeronimus/github/pico_comms/install/local_setup.zsh'
[5.212s] INFO:colcon.colcon_core.shell:Creating prefix chain script '/home/ryanjeronimus/github/pico_comms/install/setup.zsh'
