[0.014s] Invoking command in '/home/ryanjeronimus/github/pico_comms/build/micro_ros_raspberrypicosdk': DEBUGINFOD_URLS=https://debuginfod.ubuntu.com /home/ryanjeronimus/.pico-sdk/cmake/v3.31.5/bin/cmake --build /home/ryanjeronimus/github/pico_comms/build/micro_ros_raspberrypicosdk -- -j16 -l16
[0.049s] [  1%] Built target bs2_default
[0.060s] [  8%] Built target bs2_default_library
[0.061s] [ 42%] Built target RadioLib
[0.095s] [ 42%] [32mBuilding CXX object CMakeFiles/science.dir/science.cpp.o[0m
[0.360s] [ 43%] [32m[1mLinking CXX executable science.elf[0m
[0.498s] [100%] Built target science
[0.504s] Invoked command in '/home/ryanjeronimus/github/pico_comms/build/micro_ros_raspberrypicosdk' returned '0': DEBUGINFOD_URLS=https://debuginfod.ubuntu.com /home/ryanjeronimus/.pico-sdk/cmake/v3.31.5/bin/cmake --build /home/ryanjeronimus/github/pico_comms/build/micro_ros_raspberrypicosdk -- -j16 -l16
[0.509s] Invoking command in '/home/ryanjeronimus/github/pico_comms/build/micro_ros_raspberrypicosdk': DEBUGINFOD_URLS=https://debuginfod.ubuntu.com /home/ryanjeronimus/.pico-sdk/cmake/v3.31.5/bin/cmake --install /home/ryanjeronimus/github/pico_comms/build/micro_ros_raspberrypicosdk
[0.511s] -- Install configuration: "Release"
[0.520s] -- Up-to-date: /home/ryanjeronimus/github/pico_comms/install/micro_ros_raspberrypicosdk/lib/libRadioLib.a
[0.520s] -- Up-to-date: /home/ryanjeronimus/github/pico_comms/install/micro_ros_raspberrypicosdk/include/RadioLib
[0.520s] -- Up-to-date: /home/ryanjeronimus/github/pico_comms/install/micro_ros_raspberrypicosdk/include/RadioLib/utils
[0.520s] -- Up-to-date: /home/ryanjeronimus/github/pico_comms/install/micro_ros_raspberrypicosdk/include/RadioLib/utils/FEC.h
[0.520s] -- Up-to-date: /home/ryanjeronimus/github/pico_comms/install/micro_ros_raspberrypicosdk/include/RadioLib/utils/CRC.h
[0.520s] -- Up-to-date: /home/ryanjeronimus/github/pico_comms/install/micro_ros_raspberrypicosdk/include/RadioLib/utils/Utils.h
[0.520s] -- Up-to-date: /home/ryanjeronimus/github/pico_comms/install/micro_ros_raspberrypicosdk/include/RadioLib/utils/Cryptography.h
[0.520s] -- Up-to-date: /home/ryanjeronimus/github/pico_comms/install/micro_ros_raspberrypicosdk/include/RadioLib/protocols
[0.520s] -- Up-to-date: /home/ryanjeronimus/github/pico_comms/install/micro_ros_raspberrypicosdk/include/RadioLib/protocols/Print
[0.520s] -- Up-to-date: /home/ryanjeronimus/github/pico_comms/install/micro_ros_raspberrypicosdk/include/RadioLib/protocols/Print/ITA2String.h
[0.520s] -- Up-to-date: /home/ryanjeronimus/github/pico_comms/install/micro_ros_raspberrypicosdk/include/RadioLib/protocols/Print/Print.h
[0.521s] -- Up-to-date: /home/ryanjeronimus/github/pico_comms/install/micro_ros_raspberrypicosdk/include/RadioLib/protocols/AX25
[0.521s] -- Up-to-date: /home/ryanjeronimus/github/pico_comms/install/micro_ros_raspberrypicosdk/include/RadioLib/protocols/AX25/AX25.h
[0.521s] -- Up-to-date: /home/ryanjeronimus/github/pico_comms/install/micro_ros_raspberrypicosdk/include/RadioLib/protocols/ExternalRadio
[0.521s] -- Up-to-date: /home/ryanjeronimus/github/pico_comms/install/micro_ros_raspberrypicosdk/include/RadioLib/protocols/ExternalRadio/ExternalRadio.h
[0.521s] -- Up-to-date: /home/ryanjeronimus/github/pico_comms/install/micro_ros_raspberrypicosdk/include/RadioLib/protocols/Pager
[0.521s] -- Up-to-date: /home/ryanjeronimus/github/pico_comms/install/micro_ros_raspberrypicosdk/include/RadioLib/protocols/Pager/Pager.h
[0.521s] -- Up-to-date: /home/ryanjeronimus/github/pico_comms/install/micro_ros_raspberrypicosdk/include/RadioLib/protocols/RTTY
[0.521s] -- Up-to-date: /home/ryanjeronimus/github/pico_comms/install/micro_ros_raspberrypicosdk/include/RadioLib/protocols/RTTY/RTTY.h
[0.521s] -- Up-to-date: /home/ryanjeronimus/github/pico_comms/install/micro_ros_raspberrypicosdk/include/RadioLib/protocols/AFSK
[0.521s] -- Up-to-date: /home/ryanjeronimus/github/pico_comms/install/micro_ros_raspberrypicosdk/include/RadioLib/protocols/AFSK/AFSK.h
[0.521s] -- Up-to-date: /home/ryanjeronimus/github/pico_comms/install/micro_ros_raspberrypicosdk/include/RadioLib/protocols/LoRaWAN
[0.521s] -- Up-to-date: /home/ryanjeronimus/github/pico_comms/install/micro_ros_raspberrypicosdk/include/RadioLib/protocols/LoRaWAN/LoRaWAN.h
[0.521s] -- Up-to-date: /home/ryanjeronimus/github/pico_comms/install/micro_ros_raspberrypicosdk/include/RadioLib/protocols/BellModem
[0.521s] -- Up-to-date: /home/ryanjeronimus/github/pico_comms/install/micro_ros_raspberrypicosdk/include/RadioLib/protocols/BellModem/BellModem.h
[0.522s] -- Up-to-date: /home/ryanjeronimus/github/pico_comms/install/micro_ros_raspberrypicosdk/include/RadioLib/protocols/PhysicalLayer
[0.522s] -- Up-to-date: /home/ryanjeronimus/github/pico_comms/install/micro_ros_raspberrypicosdk/include/RadioLib/protocols/PhysicalLayer/PhysicalLayer.h
[0.522s] -- Up-to-date: /home/ryanjeronimus/github/pico_comms/install/micro_ros_raspberrypicosdk/include/RadioLib/protocols/Hellschreiber
[0.522s] -- Up-to-date: /home/ryanjeronimus/github/pico_comms/install/micro_ros_raspberrypicosdk/include/RadioLib/protocols/Hellschreiber/Hellschreiber.h
[0.522s] -- Up-to-date: /home/ryanjeronimus/github/pico_comms/install/micro_ros_raspberrypicosdk/include/RadioLib/protocols/FSK4
[0.522s] -- Up-to-date: /home/ryanjeronimus/github/pico_comms/install/micro_ros_raspberrypicosdk/include/RadioLib/protocols/FSK4/FSK4.h
[0.522s] -- Up-to-date: /home/ryanjeronimus/github/pico_comms/install/micro_ros_raspberrypicosdk/include/RadioLib/protocols/APRS
[0.522s] -- Up-to-date: /home/ryanjeronimus/github/pico_comms/install/micro_ros_raspberrypicosdk/include/RadioLib/protocols/APRS/APRS.h
[0.522s] -- Up-to-date: /home/ryanjeronimus/github/pico_comms/install/micro_ros_raspberrypicosdk/include/RadioLib/protocols/Morse
[0.523s] -- Up-to-date: /home/ryanjeronimus/github/pico_comms/install/micro_ros_raspberrypicosdk/include/RadioLib/protocols/Morse/Morse.h
[0.523s] -- Up-to-date: /home/ryanjeronimus/github/pico_comms/install/micro_ros_raspberrypicosdk/include/RadioLib/protocols/SSTV
[0.523s] -- Up-to-date: /home/ryanjeronimus/github/pico_comms/install/micro_ros_raspberrypicosdk/include/RadioLib/protocols/SSTV/SSTV.h
[0.523s] -- Up-to-date: /home/ryanjeronimus/github/pico_comms/install/micro_ros_raspberrypicosdk/include/RadioLib/modules
[0.523s] -- Up-to-date: /home/ryanjeronimus/github/pico_comms/install/micro_ros_raspberrypicosdk/include/RadioLib/modules/SX126x
[0.523s] -- Up-to-date: /home/ryanjeronimus/github/pico_comms/install/micro_ros_raspberrypicosdk/include/RadioLib/modules/SX126x/SX126x.h
[0.523s] -- Up-to-date: /home/ryanjeronimus/github/pico_comms/install/micro_ros_raspberrypicosdk/include/RadioLib/modules/SX126x/patches
[0.523s] -- Up-to-date: /home/ryanjeronimus/github/pico_comms/install/micro_ros_raspberrypicosdk/include/RadioLib/modules/SX126x/patches/SX126x_patch_scan.h
[0.523s] -- Up-to-date: /home/ryanjeronimus/github/pico_comms/install/micro_ros_raspberrypicosdk/include/RadioLib/modules/SX126x/STM32WLx.h
[0.523s] -- Up-to-date: /home/ryanjeronimus/github/pico_comms/install/micro_ros_raspberrypicosdk/include/RadioLib/modules/SX126x/SX126x_commands.h
[0.524s] -- Up-to-date: /home/ryanjeronimus/github/pico_comms/install/micro_ros_raspberrypicosdk/include/RadioLib/modules/SX126x/SX1268.h
[0.524s] -- Up-to-date: /home/ryanjeronimus/github/pico_comms/install/micro_ros_raspberrypicosdk/include/RadioLib/modules/SX126x/STM32WLx_Module.h
[0.524s] -- Up-to-date: /home/ryanjeronimus/github/pico_comms/install/micro_ros_raspberrypicosdk/include/RadioLib/modules/SX126x/SX1262.h
[0.524s] -- Up-to-date: /home/ryanjeronimus/github/pico_comms/install/micro_ros_raspberrypicosdk/include/RadioLib/modules/SX126x/SX126x_registers.h
[0.524s] -- Up-to-date: /home/ryanjeronimus/github/pico_comms/install/micro_ros_raspberrypicosdk/include/RadioLib/modules/SX126x/SX1261.h
[0.524s] -- Up-to-date: /home/ryanjeronimus/github/pico_comms/install/micro_ros_raspberrypicosdk/include/RadioLib/modules/nRF24
[0.524s] -- Up-to-date: /home/ryanjeronimus/github/pico_comms/install/micro_ros_raspberrypicosdk/include/RadioLib/modules/nRF24/nRF24.h
[0.524s] -- Up-to-date: /home/ryanjeronimus/github/pico_comms/install/micro_ros_raspberrypicosdk/include/RadioLib/modules/CC1101
[0.524s] -- Up-to-date: /home/ryanjeronimus/github/pico_comms/install/micro_ros_raspberrypicosdk/include/RadioLib/modules/CC1101/CC1101.h
[0.524s] -- Up-to-date: /home/ryanjeronimus/github/pico_comms/install/micro_ros_raspberrypicosdk/include/RadioLib/modules/SX123x
[0.524s] -- Up-to-date: /home/ryanjeronimus/github/pico_comms/install/micro_ros_raspberrypicosdk/include/RadioLib/modules/SX123x/SX1231.h
[0.524s] -- Up-to-date: /home/ryanjeronimus/github/pico_comms/install/micro_ros_raspberrypicosdk/include/RadioLib/modules/SX123x/SX1233.h
[0.524s] -- Up-to-date: /home/ryanjeronimus/github/pico_comms/install/micro_ros_raspberrypicosdk/include/RadioLib/modules/SX127x
[0.524s] -- Up-to-date: /home/ryanjeronimus/github/pico_comms/install/micro_ros_raspberrypicosdk/include/RadioLib/modules/SX127x/SX1276.h
[0.524s] -- Up-to-date: /home/ryanjeronimus/github/pico_comms/install/micro_ros_raspberrypicosdk/include/RadioLib/modules/SX127x/SX127x.h
[0.524s] -- Up-to-date: /home/ryanjeronimus/github/pico_comms/install/micro_ros_raspberrypicosdk/include/RadioLib/modules/SX127x/SX1279.h
[0.524s] -- Up-to-date: /home/ryanjeronimus/github/pico_comms/install/micro_ros_raspberrypicosdk/include/RadioLib/modules/SX127x/SX1278.h
[0.524s] -- Up-to-date: /home/ryanjeronimus/github/pico_comms/install/micro_ros_raspberrypicosdk/include/RadioLib/modules/SX127x/SX1273.h
[0.525s] -- Up-to-date: /home/ryanjeronimus/github/pico_comms/install/micro_ros_raspberrypicosdk/include/RadioLib/modules/SX127x/SX1272.h
[0.525s] -- Up-to-date: /home/ryanjeronimus/github/pico_comms/install/micro_ros_raspberrypicosdk/include/RadioLib/modules/SX127x/SX1277.h
[0.525s] -- Up-to-date: /home/ryanjeronimus/github/pico_comms/install/micro_ros_raspberrypicosdk/include/RadioLib/modules/LLCC68
[0.525s] -- Up-to-date: /home/ryanjeronimus/github/pico_comms/install/micro_ros_raspberrypicosdk/include/RadioLib/modules/LLCC68/LLCC68.h
[0.525s] -- Up-to-date: /home/ryanjeronimus/github/pico_comms/install/micro_ros_raspberrypicosdk/include/RadioLib/modules/RF69
[0.525s] -- Up-to-date: /home/ryanjeronimus/github/pico_comms/install/micro_ros_raspberrypicosdk/include/RadioLib/modules/RF69/RF69.h
[0.525s] -- Up-to-date: /home/ryanjeronimus/github/pico_comms/install/micro_ros_raspberrypicosdk/include/RadioLib/modules/Si443x
[0.525s] -- Up-to-date: /home/ryanjeronimus/github/pico_comms/install/micro_ros_raspberrypicosdk/include/RadioLib/modules/Si443x/Si4432.h
[0.525s] -- Up-to-date: /home/ryanjeronimus/github/pico_comms/install/micro_ros_raspberrypicosdk/include/RadioLib/modules/Si443x/Si4431.h
[0.525s] -- Up-to-date: /home/ryanjeronimus/github/pico_comms/install/micro_ros_raspberrypicosdk/include/RadioLib/modules/Si443x/Si4430.h
[0.525s] -- Up-to-date: /home/ryanjeronimus/github/pico_comms/install/micro_ros_raspberrypicosdk/include/RadioLib/modules/Si443x/Si443x.h
[0.525s] -- Up-to-date: /home/ryanjeronimus/github/pico_comms/install/micro_ros_raspberrypicosdk/include/RadioLib/modules/RFM2x
[0.525s] -- Up-to-date: /home/ryanjeronimus/github/pico_comms/install/micro_ros_raspberrypicosdk/include/RadioLib/modules/RFM2x/RFM23.h
[0.525s] -- Up-to-date: /home/ryanjeronimus/github/pico_comms/install/micro_ros_raspberrypicosdk/include/RadioLib/modules/RFM2x/RFM22.h
[0.525s] -- Up-to-date: /home/ryanjeronimus/github/pico_comms/install/micro_ros_raspberrypicosdk/include/RadioLib/modules/SX128x
[0.526s] -- Up-to-date: /home/ryanjeronimus/github/pico_comms/install/micro_ros_raspberrypicosdk/include/RadioLib/modules/SX128x/SX1282.h
[0.526s] -- Up-to-date: /home/ryanjeronimus/github/pico_comms/install/micro_ros_raspberrypicosdk/include/RadioLib/modules/SX128x/SX1281.h
[0.526s] -- Up-to-date: /home/ryanjeronimus/github/pico_comms/install/micro_ros_raspberrypicosdk/include/RadioLib/modules/SX128x/SX1280.h
[0.526s] -- Up-to-date: /home/ryanjeronimus/github/pico_comms/install/micro_ros_raspberrypicosdk/include/RadioLib/modules/SX128x/SX128x.h
[0.527s] -- Up-to-date: /home/ryanjeronimus/github/pico_comms/install/micro_ros_raspberrypicosdk/include/RadioLib/modules/LR11x0
[0.527s] -- Up-to-date: /home/ryanjeronimus/github/pico_comms/install/micro_ros_raspberrypicosdk/include/RadioLib/modules/LR11x0/LR11x0.h
[0.527s] -- Up-to-date: /home/ryanjeronimus/github/pico_comms/install/micro_ros_raspberrypicosdk/include/RadioLib/modules/LR11x0/LR11x0_registers.h
[0.527s] -- Up-to-date: /home/ryanjeronimus/github/pico_comms/install/micro_ros_raspberrypicosdk/include/RadioLib/modules/LR11x0/LR11x0_commands.h
[0.527s] -- Up-to-date: /home/ryanjeronimus/github/pico_comms/install/micro_ros_raspberrypicosdk/include/RadioLib/modules/LR11x0/LR1110.h
[0.528s] -- Up-to-date: /home/ryanjeronimus/github/pico_comms/install/micro_ros_raspberrypicosdk/include/RadioLib/modules/LR11x0/LR11x0_firmware.h
[0.528s] -- Up-to-date: /home/ryanjeronimus/github/pico_comms/install/micro_ros_raspberrypicosdk/include/RadioLib/modules/LR11x0/LR1120.h
[0.528s] -- Up-to-date: /home/ryanjeronimus/github/pico_comms/install/micro_ros_raspberrypicosdk/include/RadioLib/modules/LR11x0/LR11x0_types.h
[0.528s] -- Up-to-date: /home/ryanjeronimus/github/pico_comms/install/micro_ros_raspberrypicosdk/include/RadioLib/modules/LR11x0/LR1121.h
[0.528s] -- Up-to-date: /home/ryanjeronimus/github/pico_comms/install/micro_ros_raspberrypicosdk/include/RadioLib/modules/LR11x0/firmware
[0.528s] -- Up-to-date: /home/ryanjeronimus/github/pico_comms/install/micro_ros_raspberrypicosdk/include/RadioLib/modules/LR11x0/firmware/lr1120_transceiver_0201.h
[0.528s] -- Up-to-date: /home/ryanjeronimus/github/pico_comms/install/micro_ros_raspberrypicosdk/include/RadioLib/modules/LR11x0/firmware/lr1120_transceiver_0102.h
[0.528s] -- Up-to-date: /home/ryanjeronimus/github/pico_comms/install/micro_ros_raspberrypicosdk/include/RadioLib/modules/LR11x0/firmware/lr1110_transceiver_0306.h
[0.529s] -- Up-to-date: /home/ryanjeronimus/github/pico_comms/install/micro_ros_raspberrypicosdk/include/RadioLib/modules/LR11x0/firmware/lr1110_transceiver_0308.h
[0.529s] -- Up-to-date: /home/ryanjeronimus/github/pico_comms/install/micro_ros_raspberrypicosdk/include/RadioLib/modules/LR11x0/firmware/lr1120_transceiver_0101.h
[0.529s] -- Up-to-date: /home/ryanjeronimus/github/pico_comms/install/micro_ros_raspberrypicosdk/include/RadioLib/modules/LR11x0/firmware/lr1121_transceiver_0103.h
[0.529s] -- Up-to-date: /home/ryanjeronimus/github/pico_comms/install/micro_ros_raspberrypicosdk/include/RadioLib/modules/LR11x0/firmware/lr1110_transceiver_0401.h
[0.529s] -- Up-to-date: /home/ryanjeronimus/github/pico_comms/install/micro_ros_raspberrypicosdk/include/RadioLib/modules/LR11x0/firmware/lr1110_transceiver_0305.h
[0.529s] -- Up-to-date: /home/ryanjeronimus/github/pico_comms/install/micro_ros_raspberrypicosdk/include/RadioLib/modules/LR11x0/firmware/lr1110_transceiver_0304.h
[0.529s] -- Up-to-date: /home/ryanjeronimus/github/pico_comms/install/micro_ros_raspberrypicosdk/include/RadioLib/modules/LR11x0/firmware/lr1121_transceiver_0102.h
[0.529s] -- Up-to-date: /home/ryanjeronimus/github/pico_comms/install/micro_ros_raspberrypicosdk/include/RadioLib/modules/LR11x0/firmware/lr1110_transceiver_0303.h
[0.529s] -- Up-to-date: /home/ryanjeronimus/github/pico_comms/install/micro_ros_raspberrypicosdk/include/RadioLib/modules/LR11x0/firmware/lr1110_transceiver_0307.h
[0.529s] -- Up-to-date: /home/ryanjeronimus/github/pico_comms/install/micro_ros_raspberrypicosdk/include/RadioLib/BuildOpt.h
[0.529s] -- Up-to-date: /home/ryanjeronimus/github/pico_comms/install/micro_ros_raspberrypicosdk/include/RadioLib/TypeDef.h
[0.529s] -- Up-to-date: /home/ryanjeronimus/github/pico_comms/install/micro_ros_raspberrypicosdk/include/RadioLib/hal
[0.529s] -- Up-to-date: /home/ryanjeronimus/github/pico_comms/install/micro_ros_raspberrypicosdk/include/RadioLib/hal/RPi
[0.529s] -- Up-to-date: /home/ryanjeronimus/github/pico_comms/install/micro_ros_raspberrypicosdk/include/RadioLib/hal/RPi/PiHal.h
[0.529s] -- Up-to-date: /home/ryanjeronimus/github/pico_comms/install/micro_ros_raspberrypicosdk/include/RadioLib/hal/RPiPico
[0.529s] -- Up-to-date: /home/ryanjeronimus/github/pico_comms/install/micro_ros_raspberrypicosdk/include/RadioLib/hal/RPiPico/PicoHal.h
[0.530s] -- Up-to-date: /home/ryanjeronimus/github/pico_comms/install/micro_ros_raspberrypicosdk/include/RadioLib/hal/Arduino
[0.530s] -- Up-to-date: /home/ryanjeronimus/github/pico_comms/install/micro_ros_raspberrypicosdk/include/RadioLib/hal/Arduino/ArduinoHal.h
[0.530s] -- Up-to-date: /home/ryanjeronimus/github/pico_comms/install/micro_ros_raspberrypicosdk/include/RadioLib/Hal.h
[0.530s] -- Up-to-date: /home/ryanjeronimus/github/pico_comms/install/micro_ros_raspberrypicosdk/include/RadioLib/RadioLib.h
[0.530s] -- Up-to-date: /home/ryanjeronimus/github/pico_comms/install/micro_ros_raspberrypicosdk/include/RadioLib/Module.h
[0.530s] -- Up-to-date: /home/ryanjeronimus/github/pico_comms/install/micro_ros_raspberrypicosdk/include/RadioLib/BuildOptUser.h
[0.530s] Invoked command in '/home/ryanjeronimus/github/pico_comms/build/micro_ros_raspberrypicosdk' returned '0': DEBUGINFOD_URLS=https://debuginfod.ubuntu.com /home/ryanjeronimus/.pico-sdk/cmake/v3.31.5/bin/cmake --install /home/ryanjeronimus/github/pico_comms/build/micro_ros_raspberrypicosdk
